Yes, Marlin. I see it.                                                                --- - Sim, Marlin, estou a ver.
It's beautiful.                                                                       --- É lindo.
So, Coral, when you said you wanted an ocean view, you didn't think you were going to get the whole ocean, did you? --- Coral, quando disseste que querias vista para o mar não pensaste que te calharia o oceano inteiro, pois não?
- My man delivered.                                                                   --- - Esteve bem.
Other clownfish had their eyes on this place.                                         --- "Havia muitos outros peixes a quererem esta casa."
- You remember how we met?                                                            --- - Lembras-te como nos conhecemos?
- I try not to.                                                                       --- - Tento esquecer-me.
Hold my fin.                                                                          --- Não me largues a barbatana.
Actually, the mollusc isn't moving.                                                   --- Aliás, o molusco não se está a mexer.
He's in one place.                                                                    --- Ele está parado.
Can I go play too?                                                                    --- Papá, também posso ir brincar?
- Bye, Nemo.                                                                          --- - Adeus, Nemo.
- Bye, Dad.                                                                           --- - Adeus, papá.
- For a clownfish, he isn't that funny.                                               --- Para um peixe-palhaço, ele não tem muita graça.
- Pity.                                                                               --- É pena.
Stop.                                                                                 --- Pára!
You take one more move, mister...                                                     --- Rapazinho, se deres mais uma barbatanada...
Don't you dare.                                                                       --- Não te atrevas!
If you put one fin on that boat...                                                    --- Se puseres uma barbatana nesse barco...
Are you listening to me?                                                              --- Estás a ouvir?
- Can't complain.                                                                     --- - Não me posso queixar.
- Good.                                                                               --- - Óptimo.
Now, Dory, I want you to tell me, do you see anything?   -                            -- Agora quero que me digas... se vês alguma coisa.
I see a...- I see a light.                                                            --- Vejo... vejo uma luz.
- A light?                                                                            --- - Uma luz?
Yeah.                                                                                 --- - Sim.
Over there.                                                                           --- Ali ao fundo.
Hey, conscience, am I dead?                                                           --- - Consciência, eu estou morta?
I see it, too.                                                                        --- - Não, eu também a estou a ver.
- Do your stripes come off?                                                           --- - As tuas riscas saem?
- I need to breathe.                                                                  --- -
Did you cross the jellyfish forest?                                                   --- - Passaste a floresta de alforrecas?
- One at a time.                                                                      --- - Um de cada vez!
- Mr Fish, did you die?                                                               --- - Sr. Peixe, o senhor morreu?
I know your son.                                                                      --- Conheço o teu filho.
He's orange. He's got a gimpy fin on one side.                                        --- É cor-de-laranja e tem uma barbatana defeituosa.
That's Nemo!                                                                          --- - É o Nemo!
Wake up!                                                                              --- Acorda!
- To the top of Mt. Wannahockaloogie.                                                 --- Depressa, para o cimo do Monte Wannahockaloogie!
Why are you sleeping?                                                                 --- Porque é que estás a dormir?
- Hurry!                                                                              --- - Depressa!
- Bloat!                                                                              --- - Balão!
Ring of Fire!                                                                         --- Anel de Fogo!