Don't worry about it.                                                                --- Não te preocupes com isso.
On-- on my first day, I forgot everything that they taught me in those classes.       --- No meu primeiro dia, esqueci-me de tudo o que me ensinaram nessas aulas.
- Really?                                                                             --- - A sério?
- Yeah.                                                                               --- - Sim.
I mean, day one's always a little tough.                                              --- O primeiro dia é sempre um pouco complicado.
It's like, you know, no matter how the training goes, there's-- there's always room for something that's just totally unpredictable. --- Independentemente de como corre o treino, há sempre margem para algo totalmente imprevisível.
Oh, I-- I've got a pretty good story for you if you're ready for it.                  --- Tenho uma bela história para te contar, se estiveres preparado.
- Hey, what's up?                                                                     --- - Olá, tudo bem?
- Hey.                                                                                --- - Olá.
- Did you guys meet?                                                                  --- - Já se conhecem?
No.                                                                                   --- - Não.
Nate.                                                                                 --- Sou o Nate.
- Hi.                                                                                 --- - Olá.
- Jessica.                                                                            --- - Sou a Jessica.
- OK, listen up.                                                                      --- Ouve.
You want to take a look?                                                              --- Queres dar uma vista de olhos?
Looks great, Marcus.                                                                  --- Está ótimo, Marcus.
Check it out.                                                                         --- Dá uma vista de olhos.
What do you mean?                                                                     --- Como assim?
I usually keep my hair long.                                                          --- Normalmente, uso o cabelo comprido.
No way, man.                                                                          --- Nada disso, meu.
See for yourself.                                                                     --- Vê por ti mesmo.
What about the back?                                                                  --- E na parte de trás?
No-- no nothing?                                                                      --- - Nada?
I have something to tell you.                                                         --- Tenho uma coisa para te contar.
We're going to have a baby.                                                           --- Vamos ter um bebé.
We're going to have a baby.                                                           --- Vamos ter um bebé.
Uh, give me a minute.                                                                 --- Dá-me um minuto.
You know we can do this, right?                                                       --- Sabes que conseguimos, certo?
I love you so much, Grace.                                                            --- Amo-te tanto, Grace.
She was very smart.                                                                   --- Muito inteligente.
It's a 15-year-old guy.                                                               --- Era um miúdo de 15 anos.
He's just kind of like kicking back, checking out the scene.                          --- Estava relaxado e observador.
So two weeks before she turns 18 and leaves, we get this new intake.                  --- Duas semanas antes de fazer 18 anos e ir-se embora, recebemos um novo inquilino.
What did she say?                                                                     --- O que é que ela disse?
Nothing.                                                                              --- Nada.
Nothing?                                                                              --- - Nada?
It was so awkward.                                                                    --- - Foi tão embaraçoso!
Yeah, so fuckin' awkward I couldn't stand it.                                         --- Foi tão embaraçoso que não aguentei.
And then she left, and never talked to him.                                           --- E depois ela foi-se embora sem nunca falar com ele.
The kids teased him for like a year.                                                  --- Os miúdos gozaram-no durante um ano.
It was like he knew something everybody else didn't.                                  --- Foi como se soubesse alguma coisa que todos os outros desconheciam.
I never heard this story.                                                             --- Nunca tinha ouvido essa história.
Grace and I are getting coffee at Ronnie's this morning, and we walk in. And who do we see sitting there alone at a table? --- Esta manhã, eu e a Gracie fomos tomar café no Ronnie's e entrámos e quem é que vemos sentado sozinho numa mesa?
And he's telling us about his new job at the aquarium and how much he takes home in tips. --- Estávamos a pôr a conversa com ele em dia e ele estava a falar-nos do seu novo emprego no aquário e de como ganhava bem com as gorjetas.
