- Got any biscuits over there?                                                       --- Têm biscoitos para aí?
- Here's some cornbread.                                                              --- - Toma pão de milho.
I am cold.                                                                            --- Tenho frio.
- Still with us, Brett?                                                               --- - Ainda estás connosco, Brett?
- Right.                                                                              --- - Pois.
- I feel dead.                                                                        --- Sinto-me morto.
- Anybody ever telI you you Iook dead?                                                --- Já alguma vez te disseram que pareces morto, meu?
Before we dock, we ought to discuss the bonus situation.                              --- Antes de atracarmos... Penso que devemos falar sobre a situação do bónus.
Mr Parker and I feel the bonus situation has never been equitable.                    --- O Sr. Parker e eu achamos que a situação do bónus nunca esteve a um nível justo.
Brett and l think we deserve full shares.                                             --- O Brett e eu achamos que merecemos repartição igual.
You get what you're contracted for, like everybody else.                              --- Bem, recebes o que foi assinado no contrato, tal como toda a gente.
CalIing Antarctica traffic control.                                                   --- Chamo o controlo de tráfego da Antárctica.
CommerciaI towing vehicle Nostromo, out of the Solomons, registration number 1 80924609. --- Veículo de reboque comercial Nostromo nos Solomons... número de registo 1-8-0-9er 2-4-6-0-9er...
- Nothing.                                                                            --- - Nada.
- Keep trying.                                                                        --- - Continua a tentar.
- Engaged.                                                                            --- - Ligado.
- Engage artificial gravity.                                                          --- - Ligar gravidade artificial.
- I'm aItering the vector now.                                                        --- Vou a alterar o vector... agora.
- Right.                                                                              --- - Pois.
- Terrific.                                                                           --- Fantástico.
Thank you.                                                                            --- Obrigado.
Back to the old freezerinos.                                                          --- De volta aos velhos congeladores.
One more meal before bedtime.                                                         --- Mais uma refeição antes de nos deitarmos.
l'm buying.                                                                           --- Eu pago.
- I think you should see Kane.                                                        --- Dallas, acho que devias vir ver o Kane.
I remember some horrible dream about smothering and...                                --- Lembro-me de um sonho horrível sobre asfixia e...
- I've got to have something to eat first.                                            --- Tenho de comer qualquer coisa antes de voltarmos.
According to my calcuIations, based on time spent...                                  --- Bom, de acordo com os meus cálculos, baseado no tempo gasto a vir e a ir para o planeta...
- Struts retract.                                                                     --- - Retrair suportes.
- Struts retracted.                                                                   --- - Suportes retraídos.
3, 2,  1 .                                                                            --- três, dois, um.
Come on, cat.                                                                         --- Vamos, gato.
This is Ripley, last survivor of the Nostromo, signing off.                           --- Daqui Ripley, a última sobrevivente da Nostromo. Fim de emissão.
With a little luck, the network wiIl pick me up.                                      --- Com um pouco de sorte, a rede de comunicações deve descobrir-me.
I should reach the frontier in about six weeks.                                       --- Devo alcançar a fronteira em cerca de seis semanas.
Cargo and ship destroyed.                                                             --- O carregamento e a nave destruídas.
Kane, Lambert, Parker, Brett, Ash and Captain DalIas - are dead.                      --- Kane, Lambert... Parker, Brett... Ash... e o Capitão Dallas, estão mortos.
FinaI report of the commercial starship Nostromo. Third Officer reporting.            --- Relatório final da nave espacial comercial Nostromo... relatado pela 3ª oficial.
You are my lucky star.                                                                --- És a minha estrela da sorte...
Danger.                                                                               --- Perigo.
The option to override automatic detonation expires in T minus five minutes.          --- A opção para anular a detonação automática... expira dentro de 5 minutos.
The option to override automatic detonation expires in T minus three minutes.         --- A opção para anular a detonação automática... expira dentro de 3 minutos.
The option to override automatic detonation expires in T minus one minute.            --- A opção para anular a detonação automática... expira dentro de 1 minuto.
The ship will detonate in T minus ten minutes.                                        --- A nave irá detonar-se dentro de 10 minutos.
