The Hawk?                                                                             --- - O Falcão?
Where's Agent Barton?                                                                 --- - O Agente Barton?
The Tesseract has awakened.                                                           --- O Tesseract despertou.
Up in his nest, as usual.                                                             --- Está no ninho dele, como sempre.
It is on a little world, a human world.                                               --- Está no mundo dos homens.
They would wield its power, but our ally knows its workings as they never will.       --- Eles manipulariam o poder dele, mas o nosso aliado conhece-o como nunca o conhecerão eles.
He is ready to lead and our force, our Chitauri, will follow.                         --- Ele está pronto para comandar e as nossas forças, os Chitauri, segui-lo-ão.
A world will be his. The universe, yours.                                             --- Será dele um mundo, o Universo, vosso.
All personnel, the evacuation order has been confirmed.                               --- A todo o pessoal, confirmada ordem de evacuação.
How bad is it?                                                                        --- O caso está feio?
That's the problem, sir. We don't know.                                               --- É esse o problema, não sabermos.
Dr Selvig read an energy surge from the Tesseract four hours ago.                     --- O Dr. Selvig notou um surto de energia no Tesseract há 4 horas.
NASA didn't authorise Selvig to go to test phase.                                     --- A NASA não o autorizou a testá-lo.
He wasn't testing it. He wasn't even in the room.                                     --- Não o testava, nem sequer lá estava.
Spontaneous event.                                                                    --- Foi espontâneo.
It's different.                                                                       --- É diferente.
We pretend on Asgard that we're more advanced but we come here, battling like bilge snipe. --- Em Asgard fingimos estar mais avançados mas viemos cá armados em bilge snipes.
You know, huge, scaly, big antlers.                                                   --- São grandes, têm escamas, chifres...
Tell me.                                                                              --- Conte.
Before I worked for S.H.I.E.L. D...                                                   --- Antes de trabalhar na S.H.I.E.L.D...
Loki is a prisoner.                                                                   --- O Loki é prisioneiro.
After.                                                                                --- Depois.
Well, they are repulsive.                                                             --- São repugnantes.
You think you could make Loki tell us where the Tesseract is?                         --- Consegue fazer o Loki dizer onde está o Tesseract?
I do not know. Loki's mind is far afield. It's not just power he craves, it's vengeance, upon me. --- Não sei, a mente dele funciona estranhamente, ele não ambiciona só o poder mas vingar-se, de mim.
In my youth, I courted war.                                                           --- Em novo, cortejava a guerra.
War hasn't started yet.                                                               --- A guerra ainda não começou.
And once you've won, once you're king of the mountain, what happens to his mind?      --- E uma vez tendo ganho, uma vez sendo já o rei da montanha... Que acontece à mente dele?
I got on S.H.I.E.L.D.'s radar in a bad way.                                           --- A S.H.I.E.L.D. reparou em mim pelas piores razões.
The Army is here trying to contain the violence but clearly, it is outmatched.        --- O exército tenta conter a violência mas não tem forças para isso.
And I have to say, in all my years of reporting, I have never seen anything like this. --- Devo dizer que em todos os meus anos de jornalismo nunca vi nada como isto.
We have limited information on the team but we do know that billionaire Tony Stark's Iron Man... --- ....mas sabe-se que o Homem de Ferro do milionário Tony Stark...
He's not slowing down.                                                                --- Não está a abrandar...
Despite the devastation of what has been confirmed as an extraterrestrial attack, the extraordinary heroics of the group known as the Avengers has been to many a cause not only for comfort, but for celebration. --- Apesar da devastação do - já confirmado - ataque extraterrestre, a extraordinária heroicidade do grupo dos Vingadores tornou-se motivo para consolo e festejo.
It's just really great knowing they're out there. That someone is watching over us.   --- É fantástico saber podermos contar com eles, que alguém nos protege.
I love you, Thor!                                                                     --- Adoro-te, Thor!
These so-called "heroes" have to be held responsible for the destruction done to this city. --- Estes ditos "heróis" têm de ser responsabilizados pela destruição feita à cidade.
This was their fight. Where are they now?                                             --- O combate foi deles, onde estão agora?
Wherever he is, and wherever any of them are, I would just... I would want to say thank you. --- Esteja ele onde estiver, onde quaisquer deles estiverem, só quero... Quero só dizer "obrigada".
And the Tesseract?                                                                    --- E o Tesseract?
The Tesseract is where it belongs.                                                    --- Está no seu lugar próprio.
Out of our reach.                                                                     --- Fora do nosso alcance.
They stand.                                                                           --- Eles resistem.
Humans.                                                                               --- Os humanos...
So, you let him take it and the war criminal, Loki, who should be answering for his crime. --- E deixou que o levasse, tal como ao criminoso Loki que devia ser julgado pelo seu crime.
I think he will be.                                                                   --- E acho que o será...
I don't think you understand what you've started, letting the Avengers loose on this world. --- Não creio que perceba o que começou, ao deixar os Vingadores à solta por aí.
They're dangerous.                                                                    --- São perigosos.