Why do they call him the Joker?                                                       --- - E por que lhe chamam Joker?
I heard he wears makeup.                                                              --- - Parece que se pinta.
Three of a kind, let's do this.                                                       --- - Estamos os três, vamos a isso.
Three guys?                                                                           --- - Somos só três?
Don't forget the guy who planned the job.                                             --- Falta o autor do golpe.
Two guys on the roof. Every guy gets a share.                                         --- Mais dois no telhado, cada um recebe um quinhão.
Five shares is plenty.                                                                --- A dividir por 5 dá imenso.
Six shares.                                                                           --- A dividir por 6.
-I know why they call him the Joker.                                                  --- - Por isso lhe chamam Joker (brincalhão).
Makeup?                                                                               --- - Pinta-se?
I said, hands up, heads down!                                                         --- Mandei levantar as mãos e baixar as cabeças!
-I said, hands up!                                                                    --- Mãos ao ar, disse eu!
And there it goes.                                                                    --- E lá vai ele...
Here comes the silent alarm.                                                          --- Aí vem o alarme silencioso.
Funny, it didn't dial 911. It was trying to reach a private number.                   --- Não ligaram para o 112, era um número privado.
This is the Joker's chance, and when he attacks, the Batman will take him down.       --- É a hipótese do Joker e quando ele atacar, o Batman abate-o.
-They're transferring me to Central Holding.                                          --- - Vou para a prisão municipal.
Goodbye, Alfred.                                                                      --- Adeus, Alfred.
Bye, Rachel.                                                                          --- Adeus, Rachel.
It's not sealed.                                                                      --- Não está selado.
How will I know?                                                                      --- Como saberei?
He's not being a hero.                                                                --- Ele não está a ser um herói.
He's being something more.                                                            --- Está a ser mais do que isso.
That's the sacrifice he's making.                                                     --- É esse sacrifício que ele está a fazer.
Perhaps both Bruce and Mr. Dent... believe that Batman stands for something more important... than the whims of a terrorist, Miss Dawes... even if everyone hates him for it. --- Talvez tanto o Bruce como o Sr. Dent acreditem que o Batman seja mais importante do que os caprichos dum terrorista. Mesmo que todos o odeiem.
-What are you doing?                                                                  --- - O que estás a fazer?
Will you give this to him for me?                                                     --- Importa-se de lhe dar isto?
When the time is right?                                                               --- Quando achar que é boa altura?
He doesn't know if he can get the Joker.                                              --- Nem sabe se apanha o Joker!
-He went down to the press conference.                                                --- - Ele foi à conferência de imprensa.
Fair.                                                                                 --- É justo.
Fifty-fifty.                                                                          --- Cinquenta porcento.
-The Joker chose me.                                                                  --- - O Joker escolheu-me!
You're the one pointing the gun, Harvey.                                              --- A arma está na tua mão.
You first.                                                                            --- Primeiro tu.
My turn.                                                                              --- É a minha vez.
Harvey, you're right.                                                                 --- Harvey, tem razão.
Rachel's death was my fault.                                                          --- A Rachel morreu por minha causa.
-Thank you.                                                                           --- - Obrigado.
The Joker won.                                                                        --- O Joker ganhou.
Gotham needs its true hero.                                                           --- Gotham precisa do seu verdadeiro herói.
-You either die a hero... or you live long enough to see yourself become the villain. --- Ou morremos como heróis... ou vivemos o suficiente para nos tornarmos vilões.
I can do those things... because I'm not a hero, not like Dent.                       --- Isto tudo pode ser obra minha, porque não sou um herói, pelo menos como o Dent.
Call it in.                                                                           --- Lança o alerta.
I'm whatever Gotham needs me to be.                                                   --- Sou o que Gotham precisa que eu seja.
Nothing less than a knight... shining.                                                --- Nada menos que um cavaleiro... de armadura reluzente.
They'll hunt you.                                                                     --- Irão atrás de ti.
