Are you having fun, sweetheart?                                                       --- Estás a divertir-te, querida?
- RICO's designed for this check out section 901 of the organized crime control act and you should let Sarah try this case, too. --- - RICO foi concebida para isso. Vê a Secção 901 do Controle de Actos de Crime Organizados, devias deixar a Sarah tomar conta desse caso.
(DONT FUCK IT UP) "Thank you"                                                         --- Não me lixes. Obrigada.
You might wanna re-evaluate your research skills, what else have we got?              --- Devias reavaliar as tuas técnicas de pesquisa. - O que mais temos?
Because the case was a dog  The kid was only 15 years old when he commited the murder. --- Porque o caso era porcaria, o rapaz só tinha 15 anos quando cometeu o assassínio.
Where are we on his kids case?                                                        --- Como estamos no caso do filho dele?
You do know better, and you know that I'm aiming much higher than that.               --- Tu conheces-me, e sabes que procuro algo ainda maior.
Bringham, what's happening?                                                           --- - Bringham, qual é o problema?
You can't fight faith.                                                                --- Não se pode lutar contra o destino.
What are you doing?                                                                   --- O que estás a fazer?
Is that take-out?                                                                     --- Compraste já feito?
Yes I hope you're doing better than me, baby, what are you making?                    --- Espero que estejas a ir melhor do que eu, querida. - O que estás a fazer?
They filed a motion to dismiss, but there's no way that judge Abrams honors it.       --- Entraram com uma moção para terminar o caso, mas duvido que o Juiz Abrams a aceite.
Cantrell wants to see you - Alright, I'll be right there.                             --- - Cantrell quer ver-te. - Certo. Já vou.
All that time and that's what you come back with, Sarah?                              --- Este tempo todo e é isto que sugeres, Sarah?
That was you on video, killing Clarence Darby.                                        --- Era você no vídeo a matar Clarence Darby, não era?
Well, you taught your daughter about good vs evil?                                    --- Ensinou a sua filha sobre o bem contra o mal?
Nick, I told you I would give you a confession.                                       --- Nick, disse que lhe daria a minha confissão.
You were about to let me go,                                                          --- Estava prestes a deixar-me ir.
You think I don't remember who you are, lady?                                         --- Acha que não recordo de quem é a senhora é?
Because apparently I just killed two people.                                          --- Pois "aparentemente" matei 2 pessoas.
And you were about to let me walk right out that door                                 --- E estava prestes a deixar-me sair por aquela porta!
I feed you a couple of bullshit legal presedence, and you go jump on it like a bitch in heat. --- Falo de 2 porcarias de precedentes legais, e você agarra-os como uma puta com o cio.
I would tread carefully, Mr Shelton.                                                  --- Seria cuidadoso, Sr. Shelton.
See you later, Nick.                                                                  --- Vejo-o mais tarde, Nick.
That's what you're building your defense on?                                          --- É assim que fará a sua defesa?
My daughter, saw the same movie.                                                      --- - A minha filha, viu o mesmo vídeo.
I'm gonna give you one more chance, Clyde.                                            --- Vou dar-lhe mais uma hipótese, Clyde.
That was me, Clyde Shelton, on the video, killing Clarence Darby.                     --- Era eu, Clyde Shelton, no vídeo,  - a matar o Clarence Darby.
The righteous prospering, the wicked suffering.                                       --- O justo a prosperar, o malvado a sofrer.
Looks like it's triggered by this cell phone here.                                    --- Parece que é accionado por este telemóvel.
Which I figure by now is about 25 more seconds.                                       --- Que deve durar mais uns 25 segundos.
Like I said, Clyde, it's a decision you will have to live with for the rest of your life. --- Como eu disse, Clyde. Vai conviver com isso o resto da vida.
Stand up for those principles you've been preaching, we're all held accountable Clyde, that includes you. --- A partir dos princípios que você vem a pregar, somos todos responsáveis, inclusive você, Clyde.
By murdering all those people, all you're doing is destroying the memory of your daughter. --- - Matando todas aquelas pessoas. Só está a destruir a memória da sua filha.
A man I cared about once told me that we can't retract the decisions that we've made, we can only affect the decisions we're going to make from here. --- Um homem importante para mim disse uma vez que não podemos desfazer as decisões que tomamos, só podemos afectar decisões ainda não tomadas.
Im glad you finally get to appreciate some of the effort I put into all of this.      --- Fico feliz que finalmente deu valor a todo o esforço que coloquei nisto.
We convince the other guy he's making all the right moves.                            --- Convencemos o outro tipo que ele faz todos os movimentos certos.
Never seen anybody tunnel into prison before                                          --- É a primeira vez que vejo alguém cavar um túnel para dentro da prisão.
I am sure there is a provision of the homeland security act that we can activate.     --- Tenho certeza que existe uma cláusula no acto da Guarda Nacional que podemos usar.
I wasn't expecting company.                                                           --- Eu não esperava companhia.
Now I refuse to believe, that one man is smarter than homeland security, the FBI, the Sheriffs Department, or Philly PD. --- Recuso-me a acreditar que um homem  é mais inteligente que a Guarda Nacional, o FBI, a polícia local e a polícia da Filadélfia.
If he sees them evacuate he will detonate.                                            --- Se ele vir uma evacuação, vai detonar isto.
Yeah. Maybe 30 seconds until boom time.                                               --- Sim, talvez demore uns 30 segundos para explodir.
This will take out this floor and the floor above.                                    --- Vai explodir o andar inteiro e o andar acima de nós.
