You see how it's done?                                                                --- Viste como se faz?
You better.                                                                           --- Acho bem.
I don't know.                                                                         --- Não sei.
I enjoyed your testimony, professor.                                                  --- Gostei do seu discurso, professor.
It was very spirited.                                                                 --- Muito espirituoso.
I was wondering if I could talk to you about your theory on abrupt climate shift.     --- Gostava de falar consigo a sobre a sua teoria de mudanças climatéricas repentinas.
What do you say to a spot of tea?                                                     --- - Que tal um pouco de chá?
Well, the last chunk of ice that broke off... was about the size of Rhode Island.     --- O último pedaço de gelo que se partiu era do tamanho de Rhode Island.
Maybe in 100 years, maybe in 1000.                                                    --- Talvez daqui a 100 ou 1000 anos.
But what I do know is... that if we do not act soon, our children and grandchildren will have to pay the price. --- Mas sei que, se não fizermos nada agora... os nossos filhos e os nossos netos irão sofrer as consequências.
Give me your hand.                                                                    --- Dá-me a tua mão!
I've got you.                                                                         --- Apanhei-te!
- The whole damn shelf is breaking off.                                               --- A plataforma está a partir-se.
I'm confused.                                                                         --- Estou confuso.
Let me explain.                                                                       --- Eu explico...
Thank you.                                                                            --- Obrigado.
He's 6 already.                                                                       --- Ele já tem seis anos.
Jack, were you able to recreate the thermal cycle?                                    --- Jack, conseguiste recriar o ciclo térmico?
The storm's rotation... is pulling super-cooled air all the way down from the upper troposphere. --- A rotação da tempestade está a puxar o ar super-gelado da troposfera superior.
The air's descending too rapidly.                                                     --- O ar está a descer rápido demais.
It should. But it doesn't.                                                            --- Devia, mas não aquece.
Is this an isolated incident?                                                         --- Isto é um incidente isolado?
I'm afraid not.                                                                       --- Receio que não.
No, the power is out.                                                                 --- Não, não há electricidade.
Enjoy it.                                                                             --- Faz bom proveito.
All circuits are busy at this time.                                                   --- Todas as linhas estão ocupadas no momento.
This one storm is going to change the face of our planet.                             --- Esta tempestade vai mudar a face do nosso planeta.
When this storm is over... we'll be in a new Ice Age.                                 --- Quando a tempestade terminar... estaremos numa nova Era Glaciar.
What can we do?                                                                       --- O que podemos fazer?
- Neville's way beyond stick figures.                                                 --- O Neville já faz mais do que estes bonecos.
How do you feel?                                                                      --- Como te sentes?
Well, we had to get inside in kind of a hurry, so I sort of pushed you in.            --- Tivemos de entrar à pressa, por isso... tive de te empurrar.
What do you mean?                                                                     --- A que te referes?
All depends on whether or not we're able to learn from our mistakes.                  --- Tudo depende de sermos capazes ou não de aprender com os nossos erros.
You did everything you could.                                                         --- Fizeste tudo que podias.
I'm sorry, Jack.                                                                      --- Tenho muita pena, Jack.
We were wrong.                                                                        --- Estávamos errados.
And I am deeply grateful for their hospitality.                                       --- E eu estou profundamente grato pela sua hospitalidade.
In our time of need, they have taken us in and sheltered us.                          --- Quando necessitamos de ajuda, essas nações receberam-nos e abrigaram-nos.
It's good to see you.                                                                 --- Que bom ver-te!
I've ordered an immediate search-and-rescue mission... to bring them home and to look for more survivors. --- Ordenei uma missão imediata de salvamento... para ir buscá-los...  e procurar por mais sobreviventes.
Not only Americans... but people all around the globe are now guests in the nations... we once called The Third World. --- Não só os americanos... mas muitas pessoas de todo o globo são agora são hóspedes nas nações que chamávamos... de "o Terceiro Mundo".
I was wrong.                                                                          --- Eu estava errado.
Today, there is cause for hope.                                                       --- Hoje, há razões para ter-mos esperança.
Look at that.                                                                         --- Olha só para isto.
