Just packed up a real money load, and it's coming your way.                           --- Acabei de carregar coisas de valor e já vão a caminho.
Shit!                                                                                 --- Merda!
Thank you.                                                                            --- Obrigado.
Hey, Dom.                                                                             --- Olá, Dom.
You want something to drink?                                                          --- Queres beber algo?
- Thanks a lot, Mia.                                                                  --- -Muito obrigado, Mia.
- Tomorrow?                                                                           --- -Amanhã?
- That's funny.                                                                       --- -Tem piada.
Talk to me, Jesse.                                                                    --- Fala comigo, Jesse.
Every day, for the last three weeks, you've come here, asking how the tuna is.        --- Todos os dias, nas últimas três semanas, perguntas-me como está o atum.
What's up with this fool?                                                             --- Que se passa com este louco?
See you tomorrow.                                                                     --- Até amanhã.
- What did you put in that sandwich?                                                  --- -O que puseste naquela sandes?
" Sounds like a serial killer name.                                                   --- Parece nome de serial killer.
Don't forget my share of the deal.                                                    --- Não te esqueças da minha parte.
Three of everything.                                                                  --- Três de tudo.
I made a list.                                                                        --- Fiz uma lista.
- When do you need this stuff by?                                                     --- -Quando precisas disto?
- You said you need three of each?                                                    --- -Disseste que precisas de três de cada?
Brian, this is one of those times you need to be clear about what you say.            --- Brian, esta é uma daquelas alturas em que tens de ter a certeza do que dizes.
I just went in there, and Hector is gonna be running... three Honda Civics with Spoon engines. --- Eu fui lá e o Hector vai concorrer... com três Honda Civic com motores Spoon.
And on top of that, he just came into Harry's... and he ordered three T66 turbos, with NOS... and a MoTeC system exhaust. --- E ainda por cima, ele foi ao Harry... e encomendou três T66 turbos com óxido nitroso... e um sistema de escape MoTeC.
You a cop?                                                                            --- És chui?
What are they planning on racing with, hopes and dreams?                              --- Com que esperam correr? Com esperanças e sonhos?
Let me ask you a question, Ted.                                                       --- Deixa-me fazer-te uma pergunta, Ted.
What?                                                                                 --- O quê?
Tell me what the hell you're doing down here.                                         --- Diz-me o que diabo estás a fazer aqui.
What do you think about that?                                                         --- O que achas disto?
- White boys work fast, don't they?                                                   --- -Os brancos trabalham rápido, não é?
What do you need?                                                                     --- O que precisas?
It's gonna be okay, Letty.                                                            --- Vai ficar tudo bem, Letty.
If he doesn't get to an ambulance in 10 minutes, he's dead.                           --- Se ele não estiver numa ambulância daqui a 10 minutos, morre.
Yeah, this is Officer Brian O'Conner.                                                 --- Daqui fala o agente Brian OConner.
He's got a deep laceration to his right arm with arterial bleeding.                   --- Tem uma laceração profunda no braço direito com hemorragia arterial.
- Move your car.                                                                      --- -Tira o teu carro.
- Where's Leon and Letty?                                                             --- -Onde estão o Leon e a Letty?
- Dom, stop it!                                                                       --- -Dom, pára!
Mia, stay out of it!                                                                  --- Mia, não te metas nisto!
I don't know what's going on.                                                         --- Não sei o que se passa.
Dominic, I am so sorry.                                                               --- Dominic, lamento muito.
Will you please help me?                                                              --- Podes ajudar-me?
You call 911!                                                                         --- Chame o 112!
On green, I'm going for it.                                                           --- Ao sinal verde, eu arranco.
I don't know what I'm doing!                                                          --- Não sei o que estou a fazer!
I didn't call the police, but don't push me!                                          --- Não chamei a polícia, mas não me provoques!
