People always ask me if I know Tyler Durden.                                          --- Perguntam-me sempre se conheço o Tyler Durden.
Three minutes.                                                                        --- Três minutos.
Ground zero.                                                                          --- Ponto zero.
This is it.                                                                           --- Acabou.
Do you have a speech for the occasion?                                                --- Queres fazer um discurso de ocasião?
With a gun barrel between your teeth, you speak only in vowels.                       --- Com o cano entre os dentes, só saem vogais.
I can't think of anything.                                                            --- Não me ocorre nada.
It's getting exciting now.                                                            --- Isto agora está a ficar emocionante.
For a second, I forget about Tyler's controlled demolition thing and I wonder how clean that gun is. --- Por alguns momentos, esqueço o plano de demolição do Tyler e penso como estará limpa aquela arma.
That old thing, how you always hurt the one you love.                                 --- Aquele velho ditado, quanto mais me bates mais gosto de ti.
Well, it works both ways.                                                             --- Bem, o oposto também é verdade.
We have front-row seats for this theater of mass destruction.                         --- Temos os lugares da fila da frente para este teatro de destruição maciça.
The Demolitions Committee of Project Mayhem wrapped the foundations of 12 buildings with explosives. --- A Comissão de Demolições do Projecto Destruição envolveu as fundações de um dúzia de prédios com explosivos.
In two minutes, primary charges will blow base charges and a few blocks will be reduced to smouldering rubble. --- Daqui a dois minutos, as cargas primárias rebentarão com as da base e alguns quarteirões ficarão reduzidos a escombros.
I know this because Tyler knows this.                                                 --- Sei isto porque o Tyler o sabe.
Two and a half.                                                                       --- Dois e meio.
Think of everything we've accomplished.                                               --- Pensa em tudo o que alcançámos.
- I could check your prostate.                                                        --- - Podia examinar a tua próstata.
- I think I'm OK.                                                                     --- - Acho que estou bem.
Well, thanks, anyway.                                                                 --- Mesmo assim, obrigada.
- Are we done?                                                                        --- - Já acabámos?
See you... around.                                                                    --- Até... logo.
Cornelius?                                                                            --- Cornelius?
Cornelius!                                                                            --- Cornelius!
It's me!                                                                              --- Sou eu!
- We all thought you were dead.                                                       --- - Pensámos que tinhas morrido.
- No, no.                                                                             --- - Não, não.
Still here.                                                                           --- Ainda ando por cá.
- How are you, Bob?                                                                   --- - Como estás, Bob?
- I got something so much better now.                                                 --- - Agora tenho algo muito melhor.
Well...                                                                               --- Bem...
The first rule is, I'm not supposed to talk about it.                                 --- A primeira regra é, não posso falar sobre isso.
I won't do it.                                                                        --- Não o faço.
- This can't be happening.                                                            --- - Isto não pode estar a acontecer.
- It's already done, so shut up!                                                      --- - Já está, por isso cala-te!
No.                                                                                   --- Não.
I can figure this out.                                                                --- Eu resolvo isto.
This isn't even real.                                                                 --- Isto nem é real.
That gun isn't even in your hand.                                                     --- Essa arma nem está nas tuas mãos.
The gun's in my hand.                                                                 --- A arma está nas minhas mãos.
60 seconds till CRI.                                                                  --- 60 segundos para a explosão.
Good for you.                                                                         --- Melhor para ti.
It doesn't change a thing.                                                            --- Não muda nada.
Friends?                                                                              --- Amigos?
It's you and me.                                                                      --- Aqui estamos os dois.
My eyes are open.                                                                     --- Tenho os olhos abertos.
What's that smell?                                                                    --- Que cheiro é este?
