Yes, Marlin. I see it.                                                                --- - Sim, Marlin, estou a ver.
It's beautiful.                                                                       --- É lindo.
So, Coral, when you said you wanted an ocean view, you didn't think you were going to get the whole ocean, did you? --- Coral, quando disseste que querias vista para o mar não pensaste que te calharia o oceano inteiro, pois não?
A fish can breathe out here.                                                          --- Aqui um peixe pode respirar!
Did your man deliver or did he deliver?                                               --- O maridinho esteve bem, ou quê?
- My man delivered.                                                                   --- - Esteve bem.
- It wasn't so easy.                                                                  --- - E não foi fácil.
Other clownfish had their eyes on this place.                                         --- "Havia muitos outros peixes a quererem esta casa."
You better believe they did.                                                          --- Ai se queriam!
Every single one of them.                                                             --- Todinhos!
You did good and the neighbourhood is awesome.                                        --- Estiveste bem, sim senhor. E a zona é um espanto.
- So you do like it, don't you?                                                       --- Então gostas, é?
But, Marlin, I know that the Drop Off is desirable - great schools, amazing view - but do we really need so much space? --- Mas, Marlin, eu sei que a Grande Barreira de Coral tem óptimas escolas e uma vista espantosa, mas precisaremos assim de tanto espaço?
Coral, honey, these are our kids we're talking about.                                 --- Coral, é dos nossos filhos que se trata!
They deserve the best.                                                                --- Eles merecem o melhor!
Trust.                                                                                --- - Confiar.
It's what friends do.                                                                 --- É o que fazem os amigos.
- Where?                                                                              --- - Onde?
- Something shiny!                                                                    --- - Uma coisa brilhante!
Come here.                                                                            --- Anda cá.
You're going to be fine.                                                              --- Vais ficar boa.
Don't move.                                                                           --- Não te mexas.
Let's be thankful it was just a little one.                                           --- Dá graças de ser uma pequenina.
Wait a minute.                                                                        --- Espera um instante!
So, we're cheating death now.                                                         --- Estamos a enganar a morte.
We're having fun at the same time.                                                    --- E a divertir-nos ao mesmo tempo.
- Hey, little guy.                                                                    --- - Olá, pequenino.
- You wanted to go through the trench.                                                --- - E querias tu atravessar o desfiladeiro!
I shall call him Squishy and he shall be mine.                                        --- Vou chamar-lhe Squishy e ficar com ele.
- Dory, that's a jellyfish.                                                           --- - Dóri! É uma medusa!
I'm so sorry, Nemo.                                                                   --- Perdoa-me, Nemo.
Hey, guess what?                                                                      --- Sabes uma coisa?
- Sea turtles... I met one.                                                           --- As tartarugas marinhas... Conheci uma.
And he was 150 years old.                                                             --- E tinha 150 anos!
Cos Sandy Plankton said they only lived to be 100.                                    --- O Areia Plâncton disse que elas só vivem até aos 100.
He was 150! Not 100.                                                                  --- A tartaruga tinha 150 anos e não 100!
Time for school!                                                                      --- Está na hora de ir para a escola!
- I'm going to win.                                                                   --- - Vou ganhar.
- Exchange student.                                                                   --- - É um aluno de intercâmbio.
- Sweet.                                                                              --- - Lindo!
Seriously, Marty, did you really do all the things you say you did?                   --- A sério, Marty... você fez mesmo tudo aquilo que disse?
I forgot something.                                                                   --- Esqueci-me de uma coisa.
Love you, Dad.                                                                        --- - Adoro-te, papá.
Goodbye.                                                                              --- Adeus.
Here this thing has a lifetime guarantee and it breaks.                               --- Esta coisa devia ter garantia vitalícia e afinal avaria-se!