Sir.                                                                                  --- Senhor.
General.                                                                              --- General.
Sir.                                                                                  --- Senhor.
Lean and hungry.                                                                      --- Magros e esfomeados.
- Still nothing?                                                                      --- - Ainda nada?
- Not a sign.                                                                         --- - Nem um sinal.
- How long has he been gone?                                                          --- - Há quanto tempo partiu?
- Nearly two hours.                                                                   --- - Há quase duas horas.
Will they fight, sir?                                                                 --- Lutarão, senhor?
We shall know soon enough.                                                            --- Saberemos em breve.
Agreed?                                                                               --- De acordo?
They say no.                                                                          --- Eles recusam-se.
- Is acceptable.                                                                      --- - É aceitável.
- The danger to the cavalry...                                                        --- - O perigo para a cavalaria...
- Range is good.                                                                      --- - O alcance está bom.
- They're out of range.                                                               --- - Estão fora de alcance.
Soldier, I ordered you to move those catapults forward.                               --- Soldado, mandei-te pôr essas catapultas para a frente.
Will you stay with me?                                                                --- Ficas comigo?
Always.                                                                               --- Sempre.
Still.                                                                                --- Ainda.
Still afraid of the dark, brother?                                                    --- Ainda tens medo do escuro, irmão?
- Stay with me tonight.                                                               --- - Fica comigo esta noite.
- You know I won't.                                                                   --- - Sabes que não ficarei.
Then kiss me.                                                                         --- Então beija-me.
Sleep, brother.                                                                       --- Dorme, irmão.
Having servants who are deaf and mute at least ensures I live a little longer.        --- Ter criados surdos e mudos, pelo menos, garante-me que viverei um pouco mais.
Anyone who dare speak out.                                                            --- Quem quer que se atreva a falar.
And mathematicians.                                                                   --- E matemáticos.
And all to feed the arena.                                                            --- E todos vão alimentar a arena.
The Senate did not approve martial law.                                               --- O Senado não aprovou a lei marcial.
This reign of terror is entirely the Praetorians.                                     --- Este reino de terror é todo dos Pretorianos.
The future.                                                                           --- O futuro.
Or should I be merciful?                                                              --- Ou deverei ser misericordioso?
Should they share her lover's fate?                                                   --- Deverão partilhar o destino do amante dela?
And what of his mother?                                                               --- E a mãe dele?
And what of my nephew?                                                                --- E o meu sobrinho?
Commodus the Merciful.                                                                --- Commodus, o Misericordioso.
Lucius will stay with me now.                                                         --- O Lucius fica comigo.
You will provide me with an heir of pure blood, so that Commodus and his progeny will rule for 1,000 years. --- Dar-me-ás um herdeiro de sangue puro, para que Commodus... e a sua prole governem por 1.000 anos.
I'm a soldier.                                                                        --- Sou um soldado.
- Why not?                                                                            --- - Porque não?
- You would fight me?                                                                 --- - Lutarias comigo?
Do you think I'm afraid?                                                              --- Achas que tenho medo?
Unlike Maximus the Invincible, who knows no fear?                                     --- Ao contrário de Maximus, o Invencível, que não conhece o medo?
You must know.                                                                        --- Devias saber.
He was your father.                                                                   --- Ele era o teu pai.