DMA M-one, M-two, M-three and M four are complete.                                    --- A M1, M2, M3 e M4 do DMA estão completas.
Diagnostics are green.                                                                --- O diagnóstico é verde.
Medical is concerned about your ECG readings.                                         --- Médico está inquieto com o seu ECG.
- Not any more than usual, Houston.                                                   --- Não mais do que o habitual, Houston.
Please confirm link.                                                                  --- Por favor, confirmem o link.
Tijuana.                                                                              --- Tijuana.
You've told this story, Kowalski.                                                     --- Já nos contaste, Kowalski.
As Houston recalls, she, uh, took off in your seventy-four GTO.                       --- Se Houston bem se recorda, ela fugiu no teu GTO de 1974.
Engineering says thank you.                                                           --- O Dep. de Engenharia agradece.
- We know the Corvette story, Matt.                                                   --- -Já conhecemos a história do Corvette, Matt.
- Thank you, Doctor.                                                                  --- Obrigado, Dra.
Replacing battery module A-one and C.                                                 --- Estou a substituir as baterias A1 e C.
Anxiety's not good for the heart.                                                     --- A ansiedade faz mal ao coração.
Congratulations.                                                                      --- Parabéns!
Matt, do you have a visual on just what Mission Specialist Shariff is doing up there? --- Matt, vês o que o Especialista de Missão Shariff está a fazer?
- What do you miss down there?                                                        --- O que lhe faz falta lá de baixo?
Is there a Mr. Stone?                                                                 --- Há um Sr. Stone?
No.                                                                                   --- Não.
- Nobody special?                                                                     --- Não tem ninguém em especial?
Ryan?                                                                                 --- Ryan?
I had a daughter.                                                                     --- Tive uma filha.
She was four.                                                                         --- Tinha 4 anos.
Slipped, hit her head, and that was it.                                               --- Escorregou, bateu com a cabeça, e pronto.
Stupidest thing.                                                                      --- Uma coisa tão estúpida...
I was driving when I got the call, so...                                              --- Estava a conduzir quando me ligaram, portanto...
Well, I've got good news and bad news.                                                --- Tenho boas e más notícias.
The good news is, we're about five minutes from the ISS and I know where the Russians stash their vodka. --- As boas notícias é que estamos a 5 minutos da EEI e eu sei onde os russos escondem a vodka.
The bad news is, I'm gonna be about ten minutes short of breakin' Anatoly's record, and I... --- A má notícia é que me faltam uns 10 minutos para bater o recorde do Anatoly...
Where are you?                                                                        --- Onde estás?
Where are you?                                                                        --- Onde estás?
Come on. Come on.                                                                     --- Vá lá, vá lá!
Damn it.                                                                              --- Bolas!
Shit!                                                                                 --- Merda!
Fuck!                                                                                 --- Porra!
Shenzhou, come on.                                                                    --- Shenzhou, vá lá!
Shenzhou.                                                                             --- Shenzhou.
Miny, meeni... moe.                                                                   --- Um-dó-li... tá.
Houston.                                                                              --- Houston.
Okay, good.                                                                           --- Certo, óptimo!
Thank you.                                                                            --- Obrigada.
We've deployed a rescue mission to retrieve you.                                      --- Já enviámos uma equipa de salvamento.
Either way, whichever way... no harm, no foul!                                        --- Seja como for... quem não arrisca, não petisca!
