The Heart of the Mountain.                                                            --- O coração da montanha.
Keep your sticky paws off.                                                            --- Mantém as tuas patas pegajosas longe.
There was the city of Dale.                                                           --- Ali existia a cidade de Dale.
For dragons covet gold with a dark and fierce desire.                                 --- Pois os dragões cobiçam o ouro com um desejo sombrio e feroz.
Thank you.                                                                            --- Obrigado.
Smaug had come.                                                                       --- O Smaug tinha chegado...
For this city of Men was nothing to Smaug.                                            --- Porque esta cidade de Homens não era nada para Smaug.
The Arkenstone.                                                                       --- A Arkenstone.
Even the great Elven King, Thranduil.                                                 --- Até mesmo o grande Rei Elfo, Thranduil.
lt was a sickness of the mind.                                                        --- Era uma doença da mente.
Thror named it "The King's Jewel."                                                    --- Thrór chamou-a de Jóia do Rei.
Thror's love of gold had grown too fierce.                                            --- O amor de Thrór pelo ouro tornou-se demasiado feroz.
But the years of peace and plenty were not to last.                                   --- Mas os anos de paz e abundância não seriam duradouros.
No help came from the Elves that day... nor any day since.                            --- Nenhuma ajuda veio dos Elfos nesse dia. Ou em qualquer dia que se seguiu.
They must have come down from the Ettenmoors.                                         --- Devem ter descido de Ettenmoors.
Be careful what you touch.                                                            --- Tenham cuidado com aquilo onde tocam!
Get a shovel.                                                                         --- Nori, vai buscar uma pá.
No thanks to your burglar.                                                            --- Não graças ao seu ladrão.
These were forged in Gondolin... by the High Elves of the First Age.                  --- Foram forjadas em Gondolin pelos Elfos Superiores na primeira era.
The blade is of Elvish make... which means it will glow blue when Orcs or Goblins are nearby. --- A lâmina é de fabrico élfico, o que significa que brilhará azul sempre que orcs ou goblins estejam por perto.
I was looking for you, Gandalf.                                                       --- Andava à tua procura, Gandalf.
Spiders, Gandalf.                                                                     --- Aranhas, Gandalf.
The Greenwood is sick, Gandalf.                                                       --- A Floresta Verde está doente, Gandalf.
These swords were not made by any Troll.                                              --- Estas espadas não foram feitas por Trolls.
This is about your size.                                                              --- Esta é do teu tamanho.
Just give me a minute.                                                                --- Dá-me só um minuto.
Some kind of spawn of Ungoliant, or I am not a Wizard.                                --- Algum tipo de desova de Ungoliant, ou eu não sou um feiticeiro.
Webs?                                                                                 --- Teias?
I followed their trail.                                                               --- Segui o rasto delas.
Did I not say that you would be a burden?                                             --- Eu não disse que serias um fardo?
That you would not survive in the Wild?                                               --- Que não sobreviverias nas terras selvagens?
That you had no place amongst us?                                                     --- Que não tinhas lugar entre nós?
You nearly got yourself killed!                                                       --- Quase que te matavas!
You!                                                                                  --- Tu!
What were you doing?                                                                  --- O que estavas a fazer?
A raven!                                                                              --- Um corvo!
Our home.                                                                             --- O nosso lar.
The birds are returning to the mountain.                                              --- Os pássaros estão a regressar à montanha.
That, my dear Oin, is a thrush.                                                       --- Aquilo, meu caro Óin, é um tordo.
-A good omen.                                                                         --- Um bom presságio.
-You're right.                                                                        --- Tem razão.
Bilbo is here.                                                                        --- O Bilbo está aqui.
I have never been so wrong in all my life.                                            --- Nunca estive tão errado em toda a minha vida!
Not even a burglar.                                                                   --- Nem sequer um ladrão.
