Saw some turkeys on the way here.                                                     --- Vi alguns perus pelo caminho.
Easy.                                                                                 --- Calma.
﻿Oh, whoa.                                                                            --- 
Crossed right in front of me like I wasn't even there.                                --- Passaram por mim como se eu nem existisse.
- How rude of them.                                                                   --- Que mal-educados.
- That's what happens. You spend six days a week working in the mines and stupid birds start to think they own these woods. --- É o que acontece quando trabalhas seis dias por semana na mina e...  Até os pássaros começam a pensar que são donos da floresta.
When's the tour leave?                                                                --- Quando partes em digressão?
Couple hours.                                                                         --- Daqui a algumas horas.
Well, let's go.                                                                       --- Então, vamos.
You're okay.                                                                          --- - Estás bem.
You're okay.                                                                          --- Estás bem.
You're safe.                                                                          --- Estás a salvo.
It's okay.                                                                            --- Está tudo bem.
You're with me.                                                                       --- Estás comigo.
I'm sorry.                                                                            --- Desculpa.
Now, you...                                                                           --- Agora tu...
Well, I don't like jewels and I have more money than I need, so...                    --- Não gosto de jóias, e tenho mais dinheiro do que preciso, por isso...
I haven't dealt in anything as common as money in years.                              --- Não lido com uma coisa tão comum como o dinheiro há anos.
Then how do people pay for the pleasure of your company?                              --- Como pagam as pessoas pelo prazer da tua companhia?
With secrets.                                                                         --- Com segredos.
What about you, Girl on Fire?                                                         --- E tu, Rapariga em Chamas?
Any secrets worth my time?                                                            --- Tens algum segredo que valha o meu tempo?
I'm an open book.                                                                     --- Sou um livro aberto.
Unfortunately, I think that's true.                                                   --- Infelizmente, acho que é verdade.
I'm sorry you had to cancel your wedding.                                             --- Lamento teres de cancelar o casamento.
Have a good day.                                                                      --- Tem um bom dia.
What'd he want?                                                                       --- O que queria?
To know all my secrets.                                                               --- Saber os meus segredos.
Press this when you're ready.                                                         --- Carrega nisto quando estiveres pronta.
Good luck.                                                                            --- Boa sorte.
Peeta.                                                                                --- Peeta.
Beetee.                                                                               --- Beetee.
Beetee!                                                                               --- Beetee!
Katniss, where are you?                                                               --- Katniss, onde estás?
Peeta!                                                                                --- Peeta!
Peeta!                                                                                --- Peeta!
Katniss.                                                                              --- Katniss.
Plutarch Heavensbee!                                                                  --- Plutarch Heavensbee!
Katniss, get away from that tree!                                                     --- Katniss, afasta-te dessa árvore!
Morning, sweetheart.                                                                  --- Bom-dia, querida.
Stop.                                                                                 --- - Pára.
Where's Peeta?                                                                        --- - Onde está o Peeta?
This is the revolution.                                                               --- Esta é a Revolução.
And you are the Mocking-jay.                                                          --- E tu és o Mimo-gaio.
And we're on our way to District 1 3 right now.                                       --- Estamos neste momento a ir para o Distrito 13.
