Are you paying attention?                                                             --- Está a tomar atenção?
Good.                                                                                 --- Óptimo.
If you're not listening carefully, you will miss things, important things.            --- Se não estiver a ouvir com atenção, vai perder coisas... Coisas importantes.
I will not pause. I will not repeat myself, and you will not interrupt me.            --- Não vou parar, não me vou repetir e não me vai interromper.
Windows broken. Home's been ransacked.                                                --- - Janela partida, casa roubada.
Seems there's been a burglary.                                                        --- - Parece que houve um roubo.
What of?                                                                              --- - Roubaram o quê?
It-it wouldn't take more than a thimbleful to kill you.                               --- Não era preciso mais de uma pitada para matá-lo.
As you say, Professor Turing.                                                         --- Como quiser, Professor Turing.
Manchester Police Department, please hold.                                            --- Departamento de Polícia de Manchester, por favor aguarde.
Come in.                                                                              --- Entre.
Pay attention.                                                                        --- Tome atenção.
What happens from this moment forwards is not my responsibility.                      --- O que acontecer a partir deste momento não é da minha responsabilidade.
Something with machines.                                                              --- Qualquer coisa com máquinas.
Detective Nook, Manchester Police.                                                    --- Detective Nock, polícia de Manchester.
Turing's one of the men that paid.                                                    --- O Turing é um dos que pagou.
That's what Turing's hiding.                                                          --- É isso que o Turing anda a esconder.
- No.                                                                                 --- - Não.
Bring him in.                                                                         --- Traga-o.
L-Let me interrogate him.                                                             --- Deixe-me interrogá-lo.
Give me half an hour alone, and then I swear, I'll spend the next month running errands on as many rubbish cases as you like. --- Dê-me meia hora sozinho, e depois... juro que vou passar o próximo mês a emitir mandatos de quantos casos da treta que quiser.
- We should talk.                                                                     --- - Devíamos conversar.
"I'll miss you."                                                                      --- "Vou sentir a sua falta".
I like... talking to you.                                                             --- Gosto de falar, consigo.
I like talking to you, too, Alan.                                                     --- Também gosto de falar consigo, Alan.
- What's the matter?                                                                  --- - Qual é o problema?
Fine.                                                                                 --- Muito bem.
Now, will someone get me a warrant for the arrest of Alan Turing.                     --- Agora arranjem-me um mandato para a prisão do Alan Turing.
He's committed a crime and he's broken the law.                                       --- - Ele cometeu um crime e infringiu a lei.
Jesus Christ,  - it's bloody disgusting.                                              --- - Jesus Cristo, isto é nojento.
Your hands.                                                                           --- As suas mãos...
No-no, I'm not.                                                                       --- Não, não estou.
- Alan.                                                                               --- Alan...
Oh, my God.                                                                           --- Meu Deus.
Yes, yes, that's right.                                                               --- - É, é isso mesmo.
I mean, I... couldn't... work in prison, and, uh...                                   --- Não podia trabalhar na prisão, e...
- I'm-I'm fine.                                                                       --- Estou bem.
- Please let me help you.                                                             --- - Por favor, deixe-me ajudá-lo.
- No, I, uh, don't need your help, thank you.                                         --- - Não se incomode, obrigado.
- I don't want to be alone.                                                           --- - Não quero ficar sozinho.
I don't want to be alone.                                                             --- Não quero ficar sozinho.
Do you... do you really think that?                                                   --- Você... Realmente acredita nisso?
I think... that sometimes it is the people who no one imagines anything of who do the things that no one can imagine. --- Acredito... Que, às vezes, são as pessoas que ninguém espera nada que fazem as coisas que ninguém consegue imaginar.
- Uh... It's the medication.                                                          --- É a medicação.
You're twitching.                                                                     --- Está a tremer.
