The poison is still fresh. Three days.                                                --- O veneno ainda está fresco, tem três dias.
They're following us.                                                                 --- Eles seguem-nos.
If they knew we were here, they would have killed us already.                         --- Se soubessem que estamos aqui, já nos tinham matado.
The Hovitos are near.                                                                 --- Os hovitos estão perto.
This is it.                                                                           --- Aqui está.
He was good.                                                                          --- Ele era bom.
Stop.                                                                                 --- Pare.
Let us hurry.                                                                         --- Apressemo-nos.
There is nothing to fear here.                                                        --- Aqui não há nada a temer.
That's what scares me.                                                                --- É disso mesmo que tenho medo.
- Give me the whip.                                                                   --- - Dê-me o chicote.
- Give me the whip!                                                                   --- Dê-me o chicote!
- He was very, very good.                                                             --- Ele era bom, muito bom.
- Señor, nobody's come out alive.                                                     --- Nunca ninguém saiu dali vivo.
You chose the wrong friends.                                                          --- Escolheu os amigos errados.
And you thought I had given up.                                                       --- E pensou que eu tinha desistido.
First, we'll take them home. Then I will take you to the old man.                     --- Primeiro pomo-los em casa e depois levo-te ao velho.
I have much to tell you.                                                              --- Tenho muito para te contar.
There is the truth!                                                                   --- Essa é a verdade!
I'm sorry. Life goes on, Indy.                                                        --- Sinto muito, mas a vida continua, Indy.
In the centre, the Frenchman had a crystal, and surrounding the crystal on one side were raised markings, like that one. --- No centro, o francês colocou um cristal e, à volta dele, num dos lados, estavam gravados uns dizeres, tal como naquele.
A headpiece like that one, except the edges were rougher.                             --- Um ornamento igual a esse. Só que talvez fosse um pouco mais tosco.
I tell you only what I saw myself.                                                    --- Só digo o que vi com os meus olhos.
This morning.                                                                         --- Hoje de manhã.
- The Well of Souls, huh?                                                             --- O Poço das Almas?
- Sit down, come, sit down.                                                           --- Venha, sente-se.
- What is it?                                                                         --- O que é?
This is a warning not to disturb the Ark of the Covenant.                             --- Um aviso, para não perturbar a Arca da Aliança.
Did Belloq get the height of the Staff from here?                                     --- E a altura do bordão? O Belloq tirou-a daqui?
Yes, it is here. This was the old way.                                                --- Sim, aqui está, com as medidas dos antigos.
- I've found him.                                                                     --- - Encontrei-o.
- Where?                                                                              --- - Onde?
- There.                                                                              --- Ali.
I can't find Mr Jones. I've looked everywhere.                                        --- Não encontro o Sr. Jones, e procurei pelo barco inteiro.
The girl goes with me.                                                                --- A rapariga vai comigo.
She'll be part of my compensation.                                                    --- Fará parte dos meus honorários.
Monsieur... I am uncomfortable with the thought of this Jewish ritual.                --- Monsieur... Incomoda-me a ideia deste ritual judeu.
Let me ask you this: Would you be more comfortable opening the Ark in Berlin for your führer and finding out only then if the sacred Covenant is inside, and whether you've accomplished your mission and obtained the one true Ark? --- Incomodava-o menos, abrir a Arca em Berlim, para o seu Führer, e só então descobrir se tem dentro as tábuas dos Mandamentos? Saber, só então, se cumpriu a sua missão e se lhe leva a verdadeira Arca?
- You'll give mercenaries a bad name.                                                 --- Ainda acaba por dar má reputação aos mercenários.
That depends how reasonable we're all willing to be.                                  --- Depende do quão razoável resolvermos ser.
- Then your führer has no prize.                                                      --- O vosso Führer fica com as mãos a abanar.
All your life has been spent pursuing archaeological relics. Inside the Ark are treasures beyond your wildest aspirations. --- Toda a sua vida foi passada na procura de relíquias e ela contém tesouros para além dos seus sonhos mais loucos.
You want to see it open as well as I.                                                 --- Quer vê-la aberta tanto quanto eu.
Marion, don't look at it, no matter what happens.                                     --- Marion, não olhes. Fecha os olhos e não olhes, aconteça o que acontecer.
- Don't look. Keep your eyes shut!                                                    --- Não olhes, mantém os olhos fechados!
