Well, my dad was a farmer.                                                            --- O meu pai era agricultor.
Like everybody else back then.                                                        --- Como todos naquela altura.
Of course, he didn't start that way.                                                  --- Claro que não começou nesse ramo.
Computer says you're too tight.                                                       --- O computador diz que é muito apertado.
- Crossing the Straights.                                                             --- - A atravessar o Estreito.
- Shutting it down, Cooper.                                                           --- - A proceder ao encerramento.
Sorry, Murph.                                                                         --- Desculpa, Murph.
Were you dreaming about the crash?                                                    --- Estavas a sonhar com o acidente?
- Yes, sir.                                                                           --- - Sim, senhor.
- Wasn't me.                                                                          --- - Não fui eu.
- No such thing as ghosts, dumb-ass.                                                  --- - Os fantasmas não existem, idiota!
Well, it's not very scientific, Murph.                                                --- - Isso não é lá muito científico, Murph.
- Dad, tell her.                                                                      --- - Diz-lhe, pai.
- She's got you there.                                                                --- Agora calou-te.
Start looking after our stuff.                                                        --- Enfim, tenta ter mais estima pelas nossas coisas.
If they can... "They" are beings of five dimensions.                                  --- Se eles podem...  Eles... são seres de 5 dimensões.
Brand... my daughter was 10 years old.                                                --- Brand...  A minha filha tem dez anos.
I couldn't teach her Einstein's theories before I left.                               --- Não podia ensinar-lhe as teorias de Einstein antes de partir.
Couldn't you have told her you were going to save the world?                          --- Não podias ter dito à tua filha que ias salvar o mundo?
To them, time might be another physical dimension.                                    --- Para eles, o tempo pode ser apenas outra dimensão física.
- Maybe.                                                                              --- - Talvez.
- How long for the engines, CASE?                                                     --- - Quanto tempo para os motores, CASE?
And it rules out telling a 10-year-old that the world is ending.                      --- E isso não passa por dizer a uma menina de dez anos que o mundo vai acabar.
Helmets on!                                                                           --- Capacetes colocados!
CASE, blow the cabin oxygen through the main thrusters!                               --- CASE, expulsa o oxigénio ambiente através dos propulsores.
- Roger that.                                                                         --- - Entendido.
Brand, co-pilot, you're up.                                                           --- Brand, passas a co-piloto, prepara-te.
- We're gonna spark it.                                                               --- - Vamos usá-lo na ignição.
How many years?                                                                       --- Quantos anos?
- By now it must be... - Twenty-three years... four months, eight days.               --- Deve perfazer agora: 23 anos, 4 meses e 8 dias.
- Is he alive?                                                                        --- Ele está vivo?
when I made my suggestion to Miss Cooper... I was delighted to hear that she thought it was perfect.It was just constant. --- Quando dei a sugestão à Sra. Cooper, tive muito gosto em ouvir o quão agradada ficou.
Of course, I didn't speak to her personally.                                          --- Claro que não falei pessoalmente com ela.
Well, my dad was a farmer.                                                            --- O meu pai era agricultor.
Like everybody else back then.                                                        --- Como todos naquela altura.
There just wasn't enough food.                                                        --- Não havia comida suficiente.
- Oh, she did, did she?                                                               --- A sério? Foi o que ela disse?
She did confirm just how much you loved farming.                                      --- Ela confessou-nos o quanto o senhor gostava da quinta.
We wore little things, little strips... of sheet over our nose and mouth so we wouldn't breathe so much of it. --- Usávamos pedaços de lençol para cobrir o nariz e a boca. Para não inalá-la demasiado.
Home sweet home.                                                                      --- Lar doce lar.
Yes. Please.                                                                          --- Sim, por favor.
General settings.                                                                     --- Configurações gerais.
Settings.                                                                             --- Configurações.
Security settings.                                                                    --- Configurações de segurança.
Honesty, new setting:                                                                 --- Honestidade, nova configuração.
95 percent.                                                                           --- - 95%.
