Philippe, wake up now, I bet you 100 euros that I'll lose them.                       --- Philippe, acorda agora. Aposto 100 euros que os despisto.
Get out of the car!                                                                   --- Saiam do carro!
Look at him for god's sake!                                                           --- Olhem para ele, por amor de Deus!
But meanwhile call his 15 years old daughter and tell her her father is dead because of you! --- Mas, entretanto, liguem para filha dele, de 15 anos e digam-lhe que o pai morreu por vossa causa!
- ER.                                                                                 --- - Urgências.
That's why I'm here.                                                                  --- - É por isso que estou aqui!
He's having a stroke!                                                                 --- Está a ter um AVC!
Gosh, you're on a good night.                                                         --- Meu Deus, hoje estás em forma.
There's a wheel chair in the trunk.                                                   --- Há uma cadeira de rodas na mala!
Because if he's not taken care of within 5 minutes, it's over.                        --- Porque se ele não for socorrido em 5 minutos, acabou-se.
Alright, don't lose any more time.                                                    --- Bem, não perca mais tempo.
Alright, you'll really have to get your license eventually.                           --- Bem, tens que tirar a carta, mais cedo ou mais tarde.
I can't deal with that, how do you produce this...                                    --- Não consigo olhar para isto. Como é que fazes isto...
Yes but meanwhile "we're gonna escort you, it's safer".                               --- Sim, mas entretanto "vamos escoltá-los, é mais seguro."
The more we wait, the worse it gets.                                                  --- Quanto mais demorarmos, pior!
Everyone kisses, licking ears and all.                                                --- Beijos para todos, lambidelas nas orelhas e tudo.
- We'll be just here if you're looking for us...                                      --- Vamos estar por aqui se precisares...
I might be naive, but I still hope I have something more than my bank account..       --- Posso ser ingénuo, mas espero que queira algo mais do que a minha conta bancária...
Plus guys from the north drink so much they're all beating their ladies.              --- E os tipos do norte bebem tanto que todos batem nas suas mulheres.
You can send a picture of you with the chair, but not too obvious.                    --- Podes enviar uma foto de ti na cadeira, mas não demasiado óbvia.
What do you think women want?                                                         --- O que achas que as mulheres querem?
- 116 lbs.                                                                            --- - 54 kg.
She spent 6 months reading your goddamn poems.                                        --- Ela passou 6 meses a ler os teus poemas.
On the other hand... she wants a picture.                                             --- Por outro lado... ela quer uma fotografia...
She'll see there's no risk with you.                                                  --- Ela vai ver que contigo não corre esse risco.
Jerk.                                                                                 --- Parvo.
You looked damn fine in the old times.                                                --- Eras muito bem parecido antigamente.
- What about the good part?                                                           --- - Quais as boas?
I'm sure she doesn't give a damn about the chair.                                     --- Tenho a certeza que não vai ligar à cadeira.
Security.                                                                             --- Estabilidade.
Look... leather jacket, without sleeves.                                              --- Parece... com um casaco de cabedal, sem mangas.
- Nein is what you mean.                                                              --- - 'Nein' é o que queres dizer.
Shave it.                                                                             --- Faz a barba.
So, Philippe. I'm not staying for lunch.                                              --- Bem, Philippe, não fico para almoçar.
Philippe and Abdel remained close friends.                                            --- Philipe e Abdel ficaram amigos chegados.
So I'm your toy now.                                                                  --- Então agora sou o teu brinquedo.
Ok, we're getting there... just shave the rest.                                       --- Bem, estamos quase a chegar lá...  Raspa o resto.
You look exactly like him.                                                            --- Pareces exactamente como ele.
I look like my grandfather.                                                           --- Pareço o meu avô.
Yes, I'm thinking about tetraplegic nazis.                                            --- Sim, estou a pensar em tetraplégicos nazis.
Vassary. I have a reservation at 1.                                                   --- Reserva em nome de Vassary para um.
You just happen to have a date.                                                       --- Acontece que tens um encontro.
Philippe Pozzo Di Borgo now lives in Marocco.                                         --- Philippe Pozzo di Borgo vive actualmente em Marrocos.
Don't you feel like invading countries right now?                                     --- Não te sentes como invasor de países agora?
He's crazy.                                                                           --- Ele é louco.
