I'm fast forwarding to the part where we come in.                                     --- Avanço para onde nós aparecemos.
But you can't go out of order.                                                        --- Mas tu não podes alterar a ordem.
But everyone's going to get confused.                                                 --- Mas isso vai confundir toda a gente.
I've got the remote.                                                                  --- Eu é que tenho o controlo.
We're not in the beginning of the story.                                              --- Nós não aparecemos no início.
We got to go back to the beginning of the story.                                      --- Temos que regressar ao início da história.
Au contraire, my porcine pal.                                                         --- Au contraire, meu parceiro porcino.
Uh, Timon, what are you doing?                                                        --- Timon, o que estás a fazer?
Yeah, Pumbaa.                                                                         --- Pois é, Pumba.
Then why don't we tell them our story?                                                --- E se lhes contássemos a nossa história?
Hey, I've got an idea.                                                                --- Tenho uma ideia.
Oh, I like the sound of that.                                                         --- Soa-me bem.
Because what they don't know is how we really were there... even though they didn't know we were there, you know? --- Não sabiam que nós estávamos lá, mesmo não o sabendo.
Couldn't have said it better myself.                                                  --- Eu não teria dito isso melhor.
So majestic.                                                                          --- Tão majestoso.
Good-bye, cruel world!                                                                --- Adeus, mundo cruel.
Hang on, Timon!                                                                       --- Segura-te, Timon.
That wasn't so bad.                                                                   --- Não foi assim tão mau.
Question-- is it possible to fall off the edge of the earth?                          --- Uma pergunta. É possível cairmos do fim da Terra?
Uh, technically, no.                                                                  --- Tecnicamente, não.
Sure, go ahead.                                                                       --- - Força.
Be right back.                                                                        --- Volto já.
OK, I got the jumbo so we could share.                                                --- Trouxe o tamanho grande para partilharmos.
Timon, you OK?                                                                        --- - Timon, estás bem?
I give up.                                                                            --- - Desisto.
Uh, but you can't give up. We still haven't found our dream home.                     --- Não podes, ainda não achámos o nosso lar de sonho.
I've been dragging you down long enough.                                              --- Já te arrasto comigo há demasiado tempo.
I'm going home, and I suggest you do the same.                                        --- Volto para casa e sugiro-te que faças o mesmo.
Oh, sure you can, buddy. I won't stop you.                                            --- Claro que podes, pá, não te vou deter.
No, I mean... I don't have a home.                                                    --- Não, é que eu não tenho casa.
Don't you tell me it's OK!                                                            --- Não me digas que está tudo bem.
You missed a spot.                                                                    --- Esqueceste-te de uma coisa.
That's so beautiful.                                                                  --- Que bonito.
Choking.                                                                              --- A sufocar.
Not breathing.                                                                        --- Sem poder respirar.
I couldn't have done it without you guys.                                             --- Sem vocês eu não teria conseguido.
Ohh, I promised myself I wasn't going to cry.                                         --- Eu prometi a mim mesmo que não choraria.
You've really come a long way, Timon.                                                 --- Percorreste um longo caminho, Timon.
Did you find what you were looking for?                                               --- Encontraste aquilo que buscavas?
I found a place that was beyond my wildest dreams... but it still wasn't home.        --- Achei um lugar que ia além de tudo com que eu sonhara, mas que não era um lar.
Let's go home, Ma.                                                                    --- Vamos para casa, Mãe.
Welcome to our new home-- a predator-free environment.                                --- Bem-vinda ao nosso novo lar. Livre de predadores.
I got to hand it to you, Timon. This place has everything.                            --- Tenho de o admitir, Timon, este lugar tem tudo.
Well, now that we're all here, it does.                                               --- Agora que estamos cá todos é que tem mesmo.
Dig a tunnel, dig, dig a tunnel                                                       --- Cava um túnel Cá cava um túnel
