The world is changed.                                                                 --- O mundo está mudado.
I smell it in the air.                                                                --- Cheiro-o no ar.
I feel it in the water.                                                               --- Sinto-o nas águas.
Much that once was... is lost.                                                        --- Muito do que outrora existia está perdido.
For none now live who remember it.                                                    --- Pois já ninguém vive entre quem podia recordar.
It began with the forging of the great rings.                                         --- Tudo começou com o forjar dos Grandes Anéis.
Three were given to the elves: Immortal, wisest and fairest of all beings.            --- Três foram dados aos Elfos, seres imortais e entre os vivos os mais sábios e belos.
I feel it in the earth.                                                               --- Sinto-o na terra.
Seven to the dwarf-lords:  Great miners and craftsmen of the mountain halls.          --- Sete aos Senhores dos Anões, exímios mineiros e artífices habitando as montanhas.
And nine... nine rings were gifted to the race of men... who, above all else, desire power. --- E nove, nove anéis, foram entregues à raça dos Homens a qual, acima de tudo o mais, anseia por poder.
For within these rings was bound the strength and will to govern each race.           --- Pois esses anéis detêm o poder e a vontade de governar todas as raças.
But they were all of them deceived.                                                   --- Mas todos tinham sido enganados, pois outro anel fora forjado.
One Ring to rule them all.                                                            --- Um anel que a todos regesse.
One by one... the free lands of Middle-earth fell to the power of the ring.           --- Uma a uma, as Zonas Livres da Terra Média foram vencidas pelo poder do Anel.
Victory was near.                                                                     --- A vitória esteve por pouco.
You are right, Sam.                                                                   --- Tens razão, Sam.
The ring will be safe in Rivendell.                                                   --- O Anel, em Rivendell, fica em segurança.
I am ready to go home.                                                                --- Já posso ir para casa.
His strength returns.                                                                 --- As forças voltam-lhe...
- Gandalf, the enemy is moving. Sauron's forces are massing in the East. His eye is fixed on Rivendell. --- Gandalf, o Inimigo apronta-se, as forças de Sauron concentram-se a Leste e o Olho, em Rivendell.
His treachery runs deeper than you know.                                              --- A traição dele é maior do que supões:
By foul craft, Saruman has crossed orcs with goblin-men. He's breeding an army in the caverns of Isengard. An army that can move in sunlight and cover great distance at speed. --- Usando magia negra cruzou orcs com gnomos e formou um exército nas grutas de Isengard, um exército capaz de se deslocar à luz do dia e com grande rapidez,
The time of the elves is over. My people are leaving these shores.                    --- O tempo dos Elfos terminou, vamos deixar estas paragens.
The dwarves?                                                                          --- Aos Anões?
Who will you look to when we've gone?                                                 --- E a quem recorrereis depois?
They care nothing for the troubles of others.                                         --- Eles querem lá saber de aflições afectando outros.
Men are weak. The race of men is failing.                                             --- Os Homens são fracos, a raça deles está exangue.
The blood of Numenor is all but spent, its pride and dignity forgotten.               --- O sangue numenoriano diluiu-se, tal como o seu orgulho e dignidade.
It is because of men the ring survives.                                               --- E se o Anel ainda existe a culpa é dos Homens.
Follow me.                                                                            --- Segue-me.
Run!                                                                                  --- Corre!
- Mr. Frodo!                                                                          --- Sr. Frodo!
Frodo, no!                                                                            --- Frodo, não!
- No, Sam.                                                                            --- - Não, Sam.
- I'm going to Mordor alone.                                                          --- Vou a Mordor sozinho.
You can't swim!                                                                       --- Não sabes nadar!
Our people.                                                                           --- O nosso povo.
I would have followed you, my brother.                                                --- Eu ter-te-ia seguido, meu irmão.
My king.                                                                              --- Meu rei.
My captain.                                                                           --- Meu comandante.
Be at peace... son of Gondor.                                                         --- Fica em paz, filho de Gondor.
They will look for his coming from the white tower.                                   --- Eles esperarão na Torre Branca ver a chegada dele.
But he will not return.                                                               --- Mas ele não voltará.
I wish the ring had never come to me.                                                 --- Quem dera que o Anel não me tivesse vindo parar às mãos.
All you have to decide... is what to do with the time that is given to you.           --- Apenas nos cabe decidir o que fazer do tempo que nos é concedido.
