My name is Max.                                                                       --- O meu nome é Max.
My world is fire and blood.                                                           --- O meu mundo é fogo e sangue.
A road warrior searching for a righteous cause.                                       --- Um guerreiro da estrada à procura do caminho certo.
As the world fell... each of us in our own way was broken.                            --- Enquanto o mundo desmorona, cada um de nós desmorona também.
It was hard to know who was more crazy.                                               --- Era difícil perceber quem estava mais maluco.
Me...  Or everyone else.                                                              --- Eu, ou todos os outros.
Hello?                                                                                --- Estou?
Where are you?                                                                        --- - Onde é que estás?
Where are you Max?                                                                    --- Onde é que estás? Max?
Help us Max!                                                                          --- Ajuda-nos, Max.
Here they come again.                                                                 --- - Aí vêm elas outra vez.
I tell myself... they cannot touch me.                                                --- Digo a mim mesmo que não me podem tocar.
Max?                                                                                  --- Max?
Once, I was a cop.                                                                    --- Eu era policia.
Aqua Cola!                                                                            --- - Aqua Cola!
He doesn't know what he's talking about!                                              --- Ele não sabe do que está a dizer!
Whatever happens, we're going to the Green Place!                                     --- Aconteça o que acontecer, vamos para o Vale Verde!
There's no going back!                                                                --- - Já não dá para voltar atrás!
Cheedo, we are not things!                                                            --- - Cheedo, não somos objetos.
Cheedo, don't be stupid.                                                              --- Cheedo, não sejas estúpida!
We were his treasures!                                                                --- - Éramos os tesouros dele.
He'll forgive us. I know he will.                                                     --- Ele consegue perdoar-nos, tenho a certeza.
We were protected!                                                                    --- - Estávamos protegidas.
He gave us a life of luxury! What's wrong with that?                                  --- Ele proporcinou-nos uma vida boa, qual é o problema disso?
/ We are not things!!                                                                 --- - Nós não somos objetos.
I don't want to hear that again!                                                      --- - Não quero ouvir mais isso!
They were her words!                                                                  --- - Eram palavras dela!
I want you to match every gun with it's bullets.                                      --- - Angharad! Emparelhem cada arma com cada munição.
I'm gonna go down and do some repairs. My own blood bag driving the rig that killed her. --- A minha bolsa de sangue a conduzir a máquina que a matou.
Larry and Barry.                                                                      --- O Larry e o Barry.
She's hurt real bad!!                                                                 --- Ela está ferida. Muito ferida.
Cheedo! What are you doing?                                                           --- Cheedo, o que estás a fazer?
Here!                                                                                 --- Aqui!
I'm so sorry!                                                                         --- Sinto muito.
I know.                                                                               --- Eu sei.
Take this!                                                                            --- Pega.
Keep her awake.                                                                       --- Mantém-na acordada.
My name is Max!                                                                       --- O meu nome é Max.
That's my name.                                                                       --- É esse o meu nome.
It's Immortan Joe!                                                                    --- É o Immortan Joe.
Furiosa!                                                                              --- Furiosa!
Let them up!!!                                                                        --- Deixa-os subir!
I'll get him out of our way.                                                          --- Vou tirá-lo do caminho.
Come here!                                                                            --- Vem!
He's dead!                                                                            --- Ele está morto!
