- Where are you, Charlie?                                                             --- Onde estás, Charlie?
Charlie, you pay me first!                                                            --- Paga-me primeiro!
This... is Ambush.                                                                    --- Este... é o Ambush.
- What robot is he fighting?                                                          --- - Ele vai lutar contra qual robô?
Welcome, ladies and gentlemen, to the 2020 San Leandro County Fair.                   --- Bem-vindos, senhoras e senhores, à feira municipal de San Leandro, de 2020.
Ricky, we got a problem here. A big problem.                                          --- - Ricky, temos aqui um grande problema.
- Are we good to go here?                                                             --- - Podemos avançar?
We agreed that my boxer would fight an 800-pound steer for three grand.               --- Acordámos que o meu lutador combateria um touro de 350 kg, por $3.000.
- That bull is, like, 2,000 pounds.                                                   --- Aquele touro tem uns 900 kg.
Your bot don't fight, you don't get paid!                                             --- O teu robô não luta e tu não recebes.
More importantly, where is my money?                                                  --- Mais importante: onde está o meu dinheiro?
It's right here in my hand.                                                           --- Tenho o teu dinheiro aqui na mão.
- I'm losing you, Bill.                                                               --- - Estou a deixar de te ouvir.
Give me a minute.                                                                     --- Dêem-me um minuto.
What are you doing?                                                                   --- Que estás a fazer?
Did you see that?                                                                     --- Viste aquilo?
- Don't yell at him, control him.                                                     --- - Não grites com ele, controla-o.
You're welcome.                                                                       --- - De nada.
That's a thousand bucks. Twenty seconds.                                              --- São $1.000.20 segundos.
You know you're talking to a machine?                                                 --- - Estás a falar com uma máquina, sabes?
Get up, Atom!                                                                         --- Levanta-te, Atom!
Come on, now.                                                                         --- Vamos lá.
I'm going to fix it!                                                                  --- Vou tratar disto!
Count with me!                                                                        --- Contem comigo!
C'mon, you've got 20 seconds!                                                         --- Tens 20 segundos!
You better slip that headlock 'cause this ain't gonna end well for you.               --- É melhor saíres dessa gravata.
Your bot can take a hit.                                                              --- O teu robô aguenta os socos.
You got speed on this guy.                                                            --- És mais rápido do que ele.
Just keep moving.                                                                     --- Não pares.
Slip out of that corner.                                                              --- Sai desse canto.
Tak Mashido and his super bot have no answer.                                         --- Tak Mashido e o seu super robô não têm respostas.
Zeus pins Atom's left arm, but Kenton is undaunted!                                   --- Zeus imobiliza o braço esquerdo de Atom, mas Kenton não se intimida!
Zeus gets to his feet. But Kenton has Atom on him again, landing punch after punch!   --- Zeus levanta-se, mas Kenton coloca Atom de novo em cima dele, desferindo socos sucessivos!
It all comes down to this, folks!                                                     --- É agora que tudo se decide!
Zeus is saved by the bell!                                                            --- Zeus é salvo pelo sino!
Judge Number One scores the fight 47-48.                                              --- O juiz número um dá a pontuação 47-48.
And Judge Number Three scores the fight 47-46 for the winner and still World Robot Boxing champion, --- E o juiz número três dá a pontuação 47-46, a favor do vencedor e ainda campeão mundial de boxe de robôs:
Oh, she looks pissed.                                                                 --- Ela parece lixada.
It took a little longer than we thought, but the result is as expected.               --- Demorou um pouco mais do que antecipámos, mas o resultado é o esperado.
Any comment on the absolutely humiliating near loss your bot suffered tonight?        --- Algum comentário à humilhante quase derrota que o seu robô sofreu?
They're already calling your bot "the people's champion."                             --- Já chamam ao teu robô "o campeão do povo".
Sounds pretty good to me.                                                             --- Parece-me muito bem.
Don't worry.                                                                          --- Não te preocupes.
Your secret's safe with me.                                                           --- O teu segredo está seguro comigo.
People's champion?                                                                    --- Campeão do povo?
