How did you manage to drop a sitter like that, damn it?                               --- Como é que deixaste cair essa merda?
Professors, doctors, lawyers, general knowledge-wallas never get beyond 60000 rupees. --- Professores, médicos, advogados, pessoas com muita cultura geral nunca passam das 60.000 rupias.
For God's sake!                                                                       --- Por amor de Deus!
So why don't you save us both a lot of time and tell me how you cheated.              --- Por isso porque é que não nos poupas tempo e me dizes como fizeste batota.
Jamal Malik is one question away from winning 20 million rupees.                      --- Jamal Malik encontra-se a uma pergunta de ganhar 20 milhões de rupias.
Please give a big round of applause to a very first contestant of the night           --- Dêem um grande aplauso ao primeiro convidado da noite
Jamal Malik from our very own Mumbay!                                                 --- Jamal Malik da nossa própria... Bombaím!
So, Jamal... tell me something about yourself.                                        --- Jamal... Diz-me algo sobre ti.
I've got a desk full of murderers, rapists, extortionists, bomb bandits, and you.     --- Tenho a secretária cheia de homicidas, violadores, extorcionistas, bombistas, e tu.
Mumbai, 2006                                                                          --- Bombaim, 2006
Now we'll have Amnesty International here peeing in their pants about human rights.   --- Agora vamos ter aqui a Amnistia Internacional a mijarem as calças sobre os direitos humanos
How many times have I told you, you should once... I'm sorry sir.                     --- Quantas vezes te disse que deves... Desculpe senhor.
B: He's lucky                                                                         --- B: É sortudo
Welcome to "Who Wants To Be A Millionaire"!                                           --- Bem-vindos ao "Quem quer ser milionário"!
Smile, you'll be fine.                                                                --- Sorria, vai correr bem.
The most beautiful woman in the world.                                                --- A mulher mais bonita do Mundo.
Thank you.                                                                            --- Obrigado.
I killed Maman, and I'll kill you too.                                                --- Eu matei o Maman, e vou-te matar também.
Easy.                                                                                 --- Fácil.
Did you really kill him?                                                              --- Mataste-o mesmo?
I knew I'd find you in the end.                                                       --- Eu sabia que no final te encontraria.
Oh, Maman can make an exception, huh?                                                 --- Oh, o Maman pode abrir uma excepção, huh?
Sorry.                                                                                --- Desculpa.
Who invented the revolver?                                                            --- Quem inventou o revolver?
Jamal Malik, you're on a dream run.                                                   --- Jamal Malik, você está a correr atrás de um sonho.
My heart says you're gonna win more.                                                  --- O meu coração diz que você vai ganhar mais.
You had a lot to drink.                                                               --- Tu bebeste muito.
I am the boss.                                                                        --- Eu sou o chefe.
For once you do as I say.                                                             --- Por uma vez faz o que te digo.
I'm giving you five seconds.                                                          --- Dou-te cinco segundos.
C: D'Artagnan                                                                         --- C: D'Artagnan
So you take the 10 million and walk?                                                  --- Então leva os 10 milhões e vai-se embora?
Kiss me.                                                                              --- Beija-me.
Jamal Malik!                                                                          --- Jamal Malik!
The right answer!                                                                     --- A resposta certa!
You really are on your own now, Jamal.                                                --- Agora estás mesmo por ti próprio, Jamal.
It's a fortune.                                                                       --- É uma fortuna.
I'd like to phone a friend.                                                           --- Gostava de telefonar a um amigo.
You are on your own, Jamal.                                                           --- Estás por ti próprio, Jamal.
Hello, Jamal?                                                                         --- Olá, Jamal?
I'm guessing that isn't your brother.                                                 --- Acho que não é o teu irmão.
Okay, Latika.                                                                         --- Ok, Latika.
This is our destiny.                                                                  --- Este é o nosso destino.
My name is Latika.                                                                    --- O meu nome é Latika.
This is...                                                                            --- Esta é...
