Are you watching closely?                                                             --- Estás a olhar com atenção?
A deck of cards, a bird or a man.                                                     --- Um baralho de cartas, um pássaro ou um homem.
Where do you think you're going?                                                      --- Onde é que pensas que vais?
The second act is called "the turn."                                                  --- O segundo acto chama-se " a volta"
You want to be...                                                                     --- Queres ser...
You don't really want to know.                                                        --- Não queres mesmo saber.
You have to bring it back.                                                            --- Tens de a trazer de volta.
The part we call... "the prestige."                                                   --- A parte a que chamamos... "o prestígio."
The hardest part.                                                                     --- A parte mais difícil.
Something went wrong.                                                                 --- Algo correu mal.
- What went wrong?                                                                    --- - O que correu mal?
It was Borden, watching Mr. Angier drown.                                             --- Era o Borden, a ver o Sr. Angier afogar-se.
Would you please describe your occupation to the jury, Mr. Cutter.                    --- Importa-se de descrever a sua ocupação ao júri, Sr. Cutter?
No.                                                                                   --- Não.
If you were prepared to disclose the details to me in private, I might be able to judge their relevance to the case. --- Se estiver preparado para me revelar os detalhes em privado, posso conseguir julgar a sua relevância para o caso.
I spent the ovation hiding under the stage.                                           --- Eu passei a ovação escondido atrás do palco.
Thank you.                                                                            --- Obrigado.
Once Root opens his mouth, it's over.                                                 --- Assim que o Root abrir a boca, acabou-se.
Congratulations, all.                                                                 --- Parabéns a todos.
We worked hard.                                                                       --- Trabalhámos muito.
I need you to go and work for him.                                                    --- Preciso que vás trabalhar para ele.
Are you joking?                                                                       --- Estás a brincar?
People are excited by Cutter's version.                                               --- As pessoas andam excitadas com a versão do Cutter.
- Exactly why he'll want to hire you.                                                 --- - E por isso é que te vai contratar.
Good girl.                                                                            --- Linda menina.
Is there a problem, Mr. Tesla?                                                        --- Algum problema, Sr. Tesla?
Just a little temperamental.                                                          --- Só um pouco temperamental.
- My name is Olivia...                                                                --- - Chamo-me Olivia...
- Yeah, what might that be?                                                           --- - Sim, e o que será isso?
- I've left Angier.                                                                   --- - Deixei o Angier.
We were both Fallon.                                                                  --- Éramos ambos o Fallon.
But I told him it was too simple, too easy.                                           --- Mas eu disse-lhe que era demasiado Simples, demasiado fácil.
Simple, maybe, but not easy.                                                          --- Simples, talvez, mas fácil não.
There's nothing easy about two men sharing one life.                                  --- Não havia nada de fácil Em dois homens partilharem uma vida.
We each loved one of them.                                                            --- Amávamos cada uma delas.
See, sacrifice, Robert, that's the price of a good trick.                             --- Sabes, é que o sacrifício, Robert, é esse o preço de um bom truque.
It takes nothing to steal another man's work.                                         --- Não é preciso nada para roubar a obra de outro homem.
No, no, wait, I'm not... It took courage. It took courage to climb into that machine every night, not knowing... if I'd be the man in the box... or in the prestige. --- Não, não... espera... eu não... Foi preciso coragem. Foi preciso coragem para entrar naquela máquina todas as noites, sem saber se iria ser o homem na caixa... ou o no prestígio.
You spent a fortune.                                                                  --- Gastaste uma fortuna.
The audience knows the truth.                                                         --- O público sabe a verdade.
Then you got to see something very special.                                           --- Aí tens que ver uma coisa muito especial.
Every magic trick consists of three parts, or acts.                                   --- todos os truques de magia consistem em três partes, ou actos.
The magician shows you something ordinary.                                            --- O mágico mostra-te uma coisa vulgar.
But you wouldn't clap yet, because making something disappear isn't enough.           --- Mas não vais bater palmas ainda, porque fazer uma coisa desaparecer não é suficiente
You want to be fooled.                                                                --- Queres ser enganada.
