Rudder 18 degrees towards South!                                                      --- Leme com inclinação de dezoito graus rumo a sul.
It's a beautiful day.                                                                 --- Está um lindo dia.
Don't you know this is an exclusive club?                                             --- Não sabes que isto é um clube privado?
Only explorers get in here, not just any kid off the street with a helmet and a pair of goggles! --- Só os exploradores é que entram! Não é para um miúdo qualquer da rua com um capacete e óculos.
What are you doing?                                                                   --- O que é que estás a fazer?
Hey, I don't bite.                                                                    --- Ei, eu não mordo.
To the locals he's considered a business and hero!                                    --- E, caramba, Muntz causa mesmo sensação entre os seus conterrâneos.
And good luck capturing the Monster of Paradise Falls!                                --- E boa sorte na captura do Monstro das Cataratas do Paraíso.
And how!                                                                              --- E como!
What you are now witnessing is footage never before seen by civilized humanity, a lost world in South America, lurking in the shadow of Majestic Paradise Falls it's full of plants and animals undiscovered by science. --- O que estão a ver agora são imagens nunca antes reveladas da história da humanidade. Escondido por entre as sombras das grandes Cataratas do Paraíso, contém plantas e animais que a ciência desconhece.
Never-apart from his faithful dogs,                                                   --- Como nunca se separa dos seus fiéis cães,
And how!                                                                              --- E como!
No!                                                                                   --- Não!
Humiliated, Muntz vows to return to Paradise Falls and promises to capture the beast... --- Humilhado, Muntz jura regressar às Cataratas do Paraíso, e promete capturar a besta...
Hi, Alfa.                                                                             --- Olá, Alfa.
The bird is my prisoner now.                                                          --- Agora o pássaro é meu prisioneiro.
Dug, who are you talking to?                                                          --- - Dug, estás a falar com quem?
That man over there says I can take the bird. And I love that man there like he is my master. --- O homem ali disse que o pássaro era meu, e eu adoro o homem ali como se ele fosse meu dono.
I am not your master!                                                                 --- Eu não sou teu dono!
A ball!                                                                               --- Uma bola!
Yes, I do!                                                                            --- Sim, quero!
- Why?                                                                                --- - Porquê?
Wait!                                                                                 --- Espere!
Wait, mr. Fredricksen!                                                                --- Espere, Sr. Fredricksen!
Which one is the front?                                                               --- Qual é o da frente?
- No.                                                                                 --- - Não.
Can I tell you a secret?                                                              --- Posso contar-lhe um segredo?
Yeah, but...                                                                          --- Sim, mas...
You're unwise, my trusted lieutenant.                                                 --- Tu és esperto, meu fiel tenente.
- Squrrel?                                                                            --- - Esquilo?
I hate squirrels!                                                                     --- Odeio esquilos!
- Dug!                                                                                --- Dug!
- Master!                                                                             --- Dono!
Russell, over here!                                                                   --- Russell! Estamos aqui!
Let's go!                                                                             --- Vamos!
Sorry about your house, mr. Fredricksen.                                              --- Lamento pela sua casa, Sr. Fredricksen.
- Ready?                                                                              --- Pronto?
- Ready.                                                                              --- Pronto!
Bye, Kevin!                                                                           --- Adeus, Kevin!
By receiving these badges, the following explorers will graduate to Senior Explorers. --- E, ao receberem os seus crachás, os seguintes Exploradores vão passar a ser Exploradores Seniores.
Excuse me. Pardon me. Old man coming through.                                         --- Desculpem, com licença, deixem passar o senhor de idade.
Congratulations, Russell.                                                             --- Muitos parabéns, Russell!
- It's red, isn't it?                                                                 --- É vermelha, não é?
- That's a fire hydrant.                                                              --- É uma boca-de-incêndio!
