I can't feel my legs... Keyser.                                                       --- Não consigo sentir as pernas... Keyser.
Ready?                                                                                --- Pronto?
How you doing, Keaton?                                                                --- Como estás, Keaton?
What time is it?                                                                      --- Que horas são?
It all started back in New York six weeks ago.                                        --- Tudo começou em Nova lorque, à 6 semanas atrás.
He heard a voice.                                                                     --- Ele ouviu uma voz.
-We have a warrant for your arrest.                                                   --- Temos um mandato para o prender.
-Freeze!                                                                              --- Quieto!
Sure you brought enough guys?                                                         --- Têm a certeza que trouxeram gente suficiente?
A restaurant that changes with the taste without losing the overall aesthetic.        --- Um restaurante que muda com o gosto... sem perder a estética no seu todo.
-Let me give you an example-- -This I had to see for myself.                          --- Bem, deixe-me dar um exemplo... Isto tenho que ver com os meus próprios olhos.
David.                                                                                --- David.
-I'm in a meeting.                                                                    --- - Estou numa reunião.
A truck loaded with stripped gun parts got jacked outside of Queens.                  --- Um camião carregado de armas foi roubado em Queens.
The driver didn't see anyone, but someone fucked up.                                  --- O motorista não viu ninguém mas alguém fez asneira.
I appreciate that.                                                                    --- Aprecio isso.
Like I said... you give me a call if you're interested.                               --- Bem, como disse, liguem-me se estiverem interessados.
That was the deal.                                                                    --- Era esse o acordo.
But just out of curiosity... was it business or personal?                             --- Apenas por curiosidade... foi por negócios ou pessoal?
A bit of both.                                                                        --- Um pouco dos dois.
Keaton fought it as best he could, but a man can't change what he is.                 --- O Keaton tentou o máximo que pôde, mas um homem não pode mudar o que é.
Is there a problem?                                                                   --- Há algum problema?
What am I supposed to do with that?                                                   --- O que devo fazer com isto?
He doesn't say, I don't ask.                                                          --- Não me diz e eu não pergunto.
-Listen to me.                                                                        --- Escuta-me.
-You gonna kill him?                                                                  --- - Vais matá-lo?
-What are you doin'?                                                                  --- - O que estás a fazer?
I don't know what that is.                                                            --- Não sei o que é isso.
Fuck.                                                                                 --- Foda-se.
I don't know.                                                                         --- Não sei.
-This isn't right.                                                                    --- - Isto não está bem.
-It's all there.                                                                      --- Está tudo lá.
Convince me.                                                                          --- Convence-me.
-I just wanna hear your story.                                                        --- - Eu apenas quero ouvir a tua história.
-Who?                                                                                 --- Quem?
You wanna see a real horror show?                                                     --- Queres ver um espectáculo de terror a sério?
I can't feel my legs, Keyser.                                                         --- Não consigo sentir as pernas... Keyser.
-Did he mention Keyser Soze?                                                          --- Ele falou do Keyser Soze?
The greatest trick the Devil ever pulled... was convincing the world he didn't exist. --- O maior truque do demónio... foi convencer o mundo que ele não existia
-A gift from Mr. Soze.                                                                --- - Um presente... do Sr. Soze.
-A big fat guy.                                                                       --- - Um tipo enorme, gordo.
-There was a lawyer.                                                                  --- - Havia um advogado...
I am Mr. Kobayashi.                                                                   --- Sou o Sr. Kobayashi.
I know you know something.                                                            --- Eu sei que sabes alguma coisa.
-Tell me every last detail.                                                           --- Conta-me todos os detalhes.
